V3 3
FL C:/Users/vadim/Documents/University/pcsyaoa/lab1/lib/func.vhd 2020/09/21.12:22:44 P.20131013
EN work/func 1605705755 \
      FL C:/Users/vadim/Documents/University/pcsyaoa/lab1/lib/func.vhd
AR work/func/struct_1 1605705756 \
      FL C:/Users/vadim/Documents/University/pcsyaoa/lab1/lib/func.vhd \
      EN work/func 1605705755
