PH matrix_package NULL C:/Users/vadim/Documents/University/pcsyaoa/lab5/lib/matrix.vhd sub00/vhpl00 1605709461
PB matrix_package matrix_package C:/Users/vadim/Documents/University/pcsyaoa/lab5/lib/matrix.vhd sub00/vhpl01 1605709462
EN test_bench NULL C:/Users/vadim/Documents/University/pcsyaoa/lab5/lib/test.vhd sub00/vhpl02 1605709463
