EN nao NULL C:/Users/vadim/Documents/University/pcsyaoa/lab4/trigger/lib/one_file.vhd sub00/vhpl02 1605710357
AR noaa noaa_arch C:/Users/vadim/Documents/University/pcsyaoa/lab4/trigger/lib/one_file.vhd sub00/vhpl05 1605710360
EN n NULL C:/Users/vadim/Documents/University/pcsyaoa/lab4/trigger/lib/one_file.vhd sub00/vhpl00 1605710355
AR triggerscheme schemearch C:/Users/vadim/Documents/University/pcsyaoa/lab4/trigger/lib/one_file.vhd sub00/vhpl07 1605710362
EN noaa NULL C:/Users/vadim/Documents/University/pcsyaoa/lab4/trigger/lib/one_file.vhd sub00/vhpl04 1605710359
EN triggerscheme NULL C:/Users/vadim/Documents/University/pcsyaoa/lab4/trigger/lib/one_file.vhd sub00/vhpl06 1605710361
AR nao nao_arch C:/Users/vadim/Documents/University/pcsyaoa/lab4/trigger/lib/one_file.vhd sub00/vhpl03 1605710358
AR n n_arch C:/Users/vadim/Documents/University/pcsyaoa/lab4/trigger/lib/one_file.vhd sub00/vhpl01 1605710356
