PH matrix_package NULL C:/Users/vadim/Documents/University/pcsyaoa/course/lib/1_matrix.vhd sub00/vhpl01 1607289254
EN matrixmulgen NULL C:/Users/vadim/Documents/University/pcsyaoa/course/lib/3_matrix_mul_gen.vhd sub00/vhpl05 1607289258
EN matrixproc NULL C:/Users/vadim/Documents/University/pcsyaoa/course/lib/2_elements.vhd sub00/vhpl03 1607289256
PH processors_package NULL C:/Users/vadim/Documents/University/pcsyaoa/course/lib/2_elements.vhd sub00/vhpl02 1607289255
PH utils_package NULL C:/Users/vadim/Documents/University/pcsyaoa/course/lib/0_utils.vhd sub00/vhpl00 1607289253
AR matrixproc matrixprocarch C:/Users/vadim/Documents/University/pcsyaoa/course/lib/2_elements.vhd sub00/vhpl04 1607289257
AR matrixmulgen matrixmulgenarch C:/Users/vadim/Documents/University/pcsyaoa/course/lib/3_matrix_mul_gen.vhd sub00/vhpl06 1607289259
