V3 14
FL C:/Users/vadim/Documents/University/pcsyaoa/course/lib/0_utils.vhd 2020/12/04.19:13:17 P.20131013
PH work/utils_package 1607289253 \
      FL C:/Users/vadim/Documents/University/pcsyaoa/course/lib/0_utils.vhd \
      PB ieee/std_logic_1164 1381692176 PB ieee/NUMERIC_STD 1381692181 LB STD \
      PB std/TEXTIO 1381692176
FL C:/Users/vadim/Documents/University/pcsyaoa/course/lib/1_matrix.vhd 2020/12/04.18:31:09 P.20131013
PH work/matrix_package 1607289254 \
      FL C:/Users/vadim/Documents/University/pcsyaoa/course/lib/1_matrix.vhd \
      PB ieee/std_logic_1164 1381692176 PB ieee/NUMERIC_STD 1381692181 LB STD \
      PB std/TEXTIO 1381692176 PH work/utils_package 1607289253
FL C:/Users/vadim/Documents/University/pcsyaoa/course/lib/2_elements.vhd 2020/12/04.17:57:54 P.20131013
PH work/processors_package 1607289255 \
      FL C:/Users/vadim/Documents/University/pcsyaoa/course/lib/2_elements.vhd \
      PB ieee/std_logic_1164 1381692176 PB ieee/NUMERIC_STD 1381692181 \
      CD MatrixProc PH work/utils_package 1607289253
EN work/MatrixProc 1607289256 \
      FL C:/Users/vadim/Documents/University/pcsyaoa/course/lib/2_elements.vhd \
      PB ieee/std_logic_1164 1381692176 PB ieee/NUMERIC_STD 1381692181 \
      PH work/utils_package 1607289253
AR work/MatrixProc/MatrixProcArch 1607289257 \
      FL C:/Users/vadim/Documents/University/pcsyaoa/course/lib/2_elements.vhd \
      EN work/MatrixProc 1607289256
FL C:/Users/vadim/Documents/University/pcsyaoa/course/lib/3_matrix_mul_gen.vhd 2020/12/04.18:31:35 P.20131013
EN work/MatrixMulGen 1607289258 \
      FL C:/Users/vadim/Documents/University/pcsyaoa/course/lib/3_matrix_mul_gen.vhd \
      PB ieee/std_logic_1164 1381692176 PB ieee/NUMERIC_STD 1381692181 \
      PB ieee/MATH_REAL 1381692182 LB STD PB std/TEXTIO 1381692176 \
      PH work/utils_package 1607289253 PH work/matrix_package 1607289254 \
      PH work/processors_package 1607289255
AR work/MatrixMulGen/MatrixMulGenArch 1607289259 \
      FL C:/Users/vadim/Documents/University/pcsyaoa/course/lib/3_matrix_mul_gen.vhd \
      EN work/MatrixMulGen 1607289258 CP MatrixProc
