EN na3 NULL C:/Users/vadim/Documents/University/pcsyaoa/lab2/lib/one_file.vhd sub00/vhpl04 1606736574
EN naoa2 NULL C:/Users/vadim/Documents/University/pcsyaoa/lab2/lib/one_file.vhd sub00/vhpl10 1606736580
AR na3 na3_arch C:/Users/vadim/Documents/University/pcsyaoa/lab2/lib/one_file.vhd sub00/vhpl05 1606736575
AR noao2 noao2_arch C:/Users/vadim/Documents/University/pcsyaoa/lab2/lib/one_file.vhd sub00/vhpl19 1606736589
EN no2 NULL C:/Users/vadim/Documents/University/pcsyaoa/lab2/lib/one_file.vhd sub00/vhpl14 1606736584
EN no4 NULL C:/Users/vadim/Documents/University/pcsyaoa/lab2/lib/one_file.vhd sub00/vhpl16 1606736586
AR nao3 nao3_arch C:/Users/vadim/Documents/University/pcsyaoa/lab2/lib/one_file.vhd sub00/vhpl09 1606736579
AR nex2 nex2_arch C:/Users/vadim/Documents/University/pcsyaoa/lab2/lib/one_file.vhd sub00/vhpl13 1606736583
EN n NULL C:/Users/vadim/Documents/University/pcsyaoa/lab2/lib/one_file.vhd sub00/vhpl01 1606736572
EN nex2 NULL C:/Users/vadim/Documents/University/pcsyaoa/lab2/lib/one_file.vhd sub00/vhpl12 1606736582
AR schememodel schemearch C:/Users/vadim/Documents/University/pcsyaoa/lab2/lib/one_file.vhd sub00/vhpl03 1606736591
EN na3o2 NULL C:/Users/vadim/Documents/University/pcsyaoa/lab2/lib/one_file.vhd sub00/vhpl06 1606736576
EN noao2 NULL C:/Users/vadim/Documents/University/pcsyaoa/lab2/lib/one_file.vhd sub00/vhpl18 1606736588
AR naoa2 naoa2_arch C:/Users/vadim/Documents/University/pcsyaoa/lab2/lib/one_file.vhd sub00/vhpl11 1606736581
AR na3o2 na3o2_arch C:/Users/vadim/Documents/University/pcsyaoa/lab2/lib/one_file.vhd sub00/vhpl07 1606736577
EN schememodel NULL C:/Users/vadim/Documents/University/pcsyaoa/lab2/lib/one_file.vhd sub00/vhpl00 1606736590
AR no2 no2_arch C:/Users/vadim/Documents/University/pcsyaoa/lab2/lib/one_file.vhd sub00/vhpl15 1606736585
AR no4 no4_arch C:/Users/vadim/Documents/University/pcsyaoa/lab2/lib/one_file.vhd sub00/vhpl17 1606736587
EN nao3 NULL C:/Users/vadim/Documents/University/pcsyaoa/lab2/lib/one_file.vhd sub00/vhpl08 1606736578
AR n n_arch C:/Users/vadim/Documents/University/pcsyaoa/lab2/lib/one_file.vhd sub00/vhpl02 1606736573
