V3 31
FL C:/Users/vadim/Documents/University/pcsyaoa/lab2/lib/one_file.vhd 2020/11/18.16:53:12 P.20131013
EN work/N 1606736572 \
      FL C:/Users/vadim/Documents/University/pcsyaoa/lab2/lib/one_file.vhd \
      PB ieee/std_logic_1164 1381692176
AR work/N/N_arch 1606736573 \
      FL C:/Users/vadim/Documents/University/pcsyaoa/lab2/lib/one_file.vhd \
      EN work/N 1606736572
EN work/NA3 1606736574 \
      FL C:/Users/vadim/Documents/University/pcsyaoa/lab2/lib/one_file.vhd \
      PB ieee/std_logic_1164 1381692176
AR work/NA3/NA3_arch 1606736575 \
      FL C:/Users/vadim/Documents/University/pcsyaoa/lab2/lib/one_file.vhd \
      EN work/NA3 1606736574
EN work/NA3O2 1606736576 \
      FL C:/Users/vadim/Documents/University/pcsyaoa/lab2/lib/one_file.vhd \
      PB ieee/std_logic_1164 1381692176
AR work/NA3O2/NA3O2_arch 1606736577 \
      FL C:/Users/vadim/Documents/University/pcsyaoa/lab2/lib/one_file.vhd \
      EN work/NA3O2 1606736576
EN work/NAO3 1606736578 \
      FL C:/Users/vadim/Documents/University/pcsyaoa/lab2/lib/one_file.vhd \
      PB ieee/std_logic_1164 1381692176
AR work/NAO3/NAO3_arch 1606736579 \
      FL C:/Users/vadim/Documents/University/pcsyaoa/lab2/lib/one_file.vhd \
      EN work/NAO3 1606736578
EN work/NAOA2 1606736580 \
      FL C:/Users/vadim/Documents/University/pcsyaoa/lab2/lib/one_file.vhd \
      PB ieee/std_logic_1164 1381692176
AR work/NAOA2/NAOA2_arch 1606736581 \
      FL C:/Users/vadim/Documents/University/pcsyaoa/lab2/lib/one_file.vhd \
      EN work/NAOA2 1606736580
EN work/NEX2 1606736582 \
      FL C:/Users/vadim/Documents/University/pcsyaoa/lab2/lib/one_file.vhd \
      PB ieee/std_logic_1164 1381692176
AR work/NEX2/NEX2_arch 1606736583 \
      FL C:/Users/vadim/Documents/University/pcsyaoa/lab2/lib/one_file.vhd \
      EN work/NEX2 1606736582
EN work/NO2 1606736584 \
      FL C:/Users/vadim/Documents/University/pcsyaoa/lab2/lib/one_file.vhd \
      PB ieee/std_logic_1164 1381692176
AR work/NO2/NO2_arch 1606736585 \
      FL C:/Users/vadim/Documents/University/pcsyaoa/lab2/lib/one_file.vhd \
      EN work/NO2 1606736584
EN work/NO4 1606736586 \
      FL C:/Users/vadim/Documents/University/pcsyaoa/lab2/lib/one_file.vhd \
      PB ieee/std_logic_1164 1381692176
AR work/NO4/NO4_arch 1606736587 \
      FL C:/Users/vadim/Documents/University/pcsyaoa/lab2/lib/one_file.vhd \
      EN work/NO4 1606736586
EN work/NOAO2 1606736588 \
      FL C:/Users/vadim/Documents/University/pcsyaoa/lab2/lib/one_file.vhd \
      PB ieee/std_logic_1164 1381692176
AR work/NOAO2/NOAO2_arch 1606736589 \
      FL C:/Users/vadim/Documents/University/pcsyaoa/lab2/lib/one_file.vhd \
      EN work/NOAO2 1606736588
EN work/SchemeModel 1606736590 \
      FL C:/Users/vadim/Documents/University/pcsyaoa/lab2/lib/one_file.vhd \
      PB ieee/std_logic_1164 1381692176
AR work/SchemeModel/SchemeArch 1606736591 \
      FL C:/Users/vadim/Documents/University/pcsyaoa/lab2/lib/one_file.vhd \
      EN work/SchemeModel 1606736590 CP NEX2 CP N CP NA3 CP NA3O2 CP NOAO2 CP NO2 \
      CP NAOA2 CP NAO3 CP NO4
FL C:/Users/vadim/Documents/University/pcsyaoa/lab2/lib/scheme.vhd 2020/10/01.11:35:48 P.20131013
